// Jest Snapshot v1, https://goo.gl/fbAQLP

exports[`Empty should render in RTL direction 1`] = `null`;
