// Jest Snapshot v1, https://goo.gl/fbAQLP

exports[`ant-design-layout exports modules correctly 1`] = `
Array [
  "Col",
  "Grid",
  "Row",
]
`;
